{
  "decision": "PROMISING_REQUIRES_CAUSAL_INTERVENTION",
  "input_hashes": {
    "bank": "ae0fcf6d04ed7c3374fa37bb5d1a7874d8eefddbca77056598bd79c95a26e57b",
    "config": "c3ce5803da434b9d3a6436e06c57814b51f997d27975c65bdd79aa35a9e8103a",
    "likelihood_outputs": {
      "qwen25_3b": "6a9e017131c679e3d2d79517321df0f468df73c35aa3a3332eeb36c0768ccfb1",
      "qwen25_7b": "c3e27c40b0b84d6920420a115f4cc2b11d84cb8ce510e0b08b72cf1bf8295b32",
      "qwen3_4b": "3d77815f96e00eb1a43ffefa34d02c555b6c00f5044d99d983cbb19f97b95407",
      "qwen3_8b": "3c5d55b16d74ca213ca7716565cf9a7c8dc1d890cfa28bc774dbb1e388ef5853"
    },
    "parent_scored": "39b921b734b55864a0a53468740837784d38b0b17c49de505cee3cdd9b44b7e1"
  },
  "rows": 1920,
  "status": "POST_HOC_DIAGNOSTIC",
  "wrappers": {
    "assistant_history": {
      "base_model": {
        "ci95": {
          "C(corrector_key)[T.qwen25_7b]": [
            -1.1127854680276308,
            -0.11448092217821121
          ],
          "C(corrector_key)[T.qwen3_4b]": [
            -0.8030873588215863,
            0.20143582956692918
          ],
          "C(corrector_key)[T.qwen3_8b]": [
            -1.585282911772628,
            -0.720054415287073
          ],
          "C(generator_key)[T.qwen25_7b]": [
            0.0946115109221265,
            1.3865947696669343
          ],
          "C(generator_key)[T.qwen3_4b]": [
            0.5202185414342425,
            2.0546779545627287
          ],
          "C(generator_key)[T.qwen3_8b]": [
            0.6098317025706191,
            2.0273822395054615
          ],
          "C(problem_key)[T.gsm8k:1031]": [
            0.5396481687371395,
            2.25542238130795
          ],
          "C(problem_key)[T.gsm8k:1046]": [
            3.793224905011098,
            4.812959284814002
          ],
          "C(problem_key)[T.gsm8k:1068]": [
            2.8031212754227184,
            4.031423827278667
          ],
          "C(problem_key)[T.gsm8k:1070]": [
            3.075419399886557,
            4.407679829089234
          ],
          "C(problem_key)[T.gsm8k:1075]": [
            2.056342107681286,
            3.077383079707179
          ],
          "C(problem_key)[T.gsm8k:1088]": [
            25.491844064747745,
            29.68204616080805
          ],
          "C(problem_key)[T.gsm8k:1147]": [
            3.145220129124093,
            4.401564468199968
          ],
          "C(problem_key)[T.gsm8k:115]": [
            1.3389913168235843,
            1.762269976331413
          ],
          "C(problem_key)[T.gsm8k:1165]": [
            2.96808579377553,
            4.013397659527114
          ],
          "C(problem_key)[T.gsm8k:1166]": [
            1.6827515879972432,
            1.838014257378284
          ],
          "C(problem_key)[T.gsm8k:1183]": [
            2.3984970878837015,
            3.3672082141751605
          ],
          "C(problem_key)[T.gsm8k:1188]": [
            3.3321560233825993,
            3.972168457373379
          ],
          "C(problem_key)[T.gsm8k:1190]": [
            1.5809710198749207,
            2.4738823374742744
          ],
          "C(problem_key)[T.gsm8k:1202]": [
            0.6194064418823015,
            1.8576646655515998
          ],
          "C(problem_key)[T.gsm8k:1249]": [
            1.8277811152970536,
            3.1081226910888615
          ],
          "C(problem_key)[T.gsm8k:1251]": [
            2.3537291874230184,
            3.7165418862916
          ],
          "C(problem_key)[T.gsm8k:129]": [
            1.6657494815526064,
            2.462040893528899
          ],
          "C(problem_key)[T.gsm8k:12]": [
            4.49250464139506,
            5.354762598151668
          ],
          "C(problem_key)[T.gsm8k:1309]": [
            25.129606647062147,
            29.468218005813696
          ],
          "C(problem_key)[T.gsm8k:135]": [
            1.0496368256276547,
            3.210614481280178
          ],
          "C(problem_key)[T.gsm8k:147]": [
            2.560559893893014,
            3.3440976045933755
          ],
          "C(problem_key)[T.gsm8k:184]": [
            -23.88575941929094,
            -19.777367697744957
          ],
          "C(problem_key)[T.gsm8k:210]": [
            3.3717184491241645,
            3.967377540784988
          ],
          "C(problem_key)[T.gsm8k:242]": [
            3.9382949046341547,
            4.80273197086857
          ],
          "C(problem_key)[T.gsm8k:266]": [
            1.4633840377842295,
            2.4892164759477398
          ],
          "C(problem_key)[T.gsm8k:297]": [
            2.4664216495044844,
            4.072670586032095
          ],
          "C(problem_key)[T.gsm8k:298]": [
            2.06929812629311,
            3.751817725164213
          ],
          "C(problem_key)[T.gsm8k:2]": [
            0.37547017503911945,
            0.8519200452284073
          ],
          "C(problem_key)[T.gsm8k:303]": [
            1.580857228393613,
            2.4786901056434463
          ],
          "C(problem_key)[T.gsm8k:306]": [
            24.987809599397067,
            29.4159015632044
          ],
          "C(problem_key)[T.gsm8k:380]": [
            3.4039913679053657,
            3.9760748383619755
          ],
          "C(problem_key)[T.gsm8k:394]": [
            2.5870526831220695,
            3.685017069745482
          ],
          "C(problem_key)[T.gsm8k:409]": [
            5.634379185332577,
            6.291210088288807
          ],
          "C(problem_key)[T.gsm8k:423]": [
            4.460208983355873,
            5.3564628242653605
          ],
          "C(problem_key)[T.gsm8k:427]": [
            2.359729472452698,
            3.372942908747989
          ],
          "C(problem_key)[T.gsm8k:428]": [
            4.440973523450661,
            5.359032248967673
          ],
          "C(problem_key)[T.gsm8k:439]": [
            1.1012286403600808,
            2.181697707188137
          ],
          "C(problem_key)[T.gsm8k:493]": [
            2.864365619451685,
            4.024944174073709
          ],
          "C(problem_key)[T.gsm8k:529]": [
            1.5982370589717543,
            3.1374721833863535
          ],
          "C(problem_key)[T.gsm8k:570]": [
            2.463916280953131,
            3.36020864125787
          ],
          "C(problem_key)[T.gsm8k:589]": [
            2.255875757713398,
            3.72992263189836
          ],
          "C(problem_key)[T.gsm8k:58]": [
            2.0179879044703535,
            3.4132418103270092
          ],
          "C(problem_key)[T.gsm8k:590]": [
            2.8473867947293754,
            4.437090366076626
          ],
          "C(problem_key)[T.gsm8k:598]": [
            1.1272999072947174,
            2.871915887523207
          ],
          "C(problem_key)[T.gsm8k:649]": [
            2.2322182080236956,
            4.514300886989652
          ],
          "C(problem_key)[T.gsm8k:701]": [
            1.4250084770196794,
            3.162718785193508
          ],
          "C(problem_key)[T.gsm8k:754]": [
            2.753216559812989,
            3.0160885187907347
          ],
          "C(problem_key)[T.gsm8k:780]": [
            4.67456944141235,
            5.36640658752296
          ],
          "C(problem_key)[T.gsm8k:806]": [
            1.3575297236559762,
            2.146345266326357
          ],
          "C(problem_key)[T.gsm8k:813]": [
            1.4645427360019572,
            2.826116495388079
          ],
          "C(problem_key)[T.gsm8k:86]": [
            2.034136325226698,
            3.0836672687735556
          ],
          "C(problem_key)[T.gsm8k:894]": [
            2.596369417411105,
            3.1130039670704672
          ],
          "C(problem_key)[T.gsm8k:901]": [
            3.134686771812298,
            3.987591025816524
          ],
          "C(problem_key)[T.gsm8k:926]": [
            2.6926953241446574,
            3.3335077531014647
          ],
          "C(problem_key)[T.gsm8k:932]": [
            2.2048228715979423,
            4.106302405977422
          ],
          "C(problem_key)[T.gsm8k:952]": [
            2.542239759256784,
            4.063000242861854
          ],
          "C(problem_key)[T.gsm8k:962]": [
            24.470676488279988,
            29.272452038344174
          ],
          "C(problem_key)[T.gsm8k:984]": [
            4.607533986322429,
            5.36303536642112
          ],
          "C(problem_key)[T.gsm8k:997]": [
            2.216263624622151,
            4.104259477285502
          ],
          "Intercept": [
            -5.393807878942086,
            7.957066647007641
          ],
          "log_trace_tokens": [
            -1.8355589405201043,
            0.24950011903460378
          ],
          "same_lineage[T.True]": [
            0.8642014598728658,
            1.44045078064151
          ]
        },
        "n": 960,
        "params": {
          "C(corrector_key)[T.qwen25_7b]": -0.613633195102921,
          "C(corrector_key)[T.qwen3_4b]": -0.3008257646273286,
          "C(corrector_key)[T.qwen3_8b]": -1.1526686635298504,
          "C(generator_key)[T.qwen25_7b]": 0.7406031402945303,
          "C(generator_key)[T.qwen3_4b]": 1.2874482479984857,
          "C(generator_key)[T.qwen3_8b]": 1.3186069710380404,
          "C(problem_key)[T.gsm8k:1031]": 1.3975352750225447,
          "C(problem_key)[T.gsm8k:1046]": 4.30309209491255,
          "C(problem_key)[T.gsm8k:1068]": 3.4172725513506927,
          "C(problem_key)[T.gsm8k:1070]": 3.7415496144878952,
          "C(problem_key)[T.gsm8k:1075]": 2.5668625936942324,
          "C(problem_key)[T.gsm8k:1088]": 27.586945112777897,
          "C(problem_key)[T.gsm8k:1147]": 3.7733922986620305,
          "C(problem_key)[T.gsm8k:115]": 1.5506306465774986,
          "C(problem_key)[T.gsm8k:1165]": 3.490741726651322,
          "C(problem_key)[T.gsm8k:1166]": 1.7603829226877636,
          "C(problem_key)[T.gsm8k:1183]": 2.882852651029431,
          "C(problem_key)[T.gsm8k:1188]": 3.652162240377989,
          "C(problem_key)[T.gsm8k:1190]": 2.0274266786745976,
          "C(problem_key)[T.gsm8k:1202]": 1.2385355537169507,
          "C(problem_key)[T.gsm8k:1249]": 2.4679519031929575,
          "C(problem_key)[T.gsm8k:1251]": 3.035135536857309,
          "C(problem_key)[T.gsm8k:129]": 2.0638951875407527,
          "C(problem_key)[T.gsm8k:12]": 4.923633619773364,
          "C(problem_key)[T.gsm8k:1309]": 27.29891232643792,
          "C(problem_key)[T.gsm8k:135]": 2.1301256534539164,
          "C(problem_key)[T.gsm8k:147]": 2.9523287492431947,
          "C(problem_key)[T.gsm8k:184]": -21.83156355851795,
          "C(problem_key)[T.gsm8k:210]": 3.669547994954576,
          "C(problem_key)[T.gsm8k:242]": 4.370513437751362,
          "C(problem_key)[T.gsm8k:266]": 1.9763002568659847,
          "C(problem_key)[T.gsm8k:297]": 3.26954611776829,
          "C(problem_key)[T.gsm8k:298]": 2.9105579257286616,
          "C(problem_key)[T.gsm8k:2]": 0.6136951101337633,
          "C(problem_key)[T.gsm8k:303]": 2.02977366701853,
          "C(problem_key)[T.gsm8k:306]": 27.201855581300734,
          "C(problem_key)[T.gsm8k:380]": 3.6900331031336706,
          "C(problem_key)[T.gsm8k:394]": 3.1360348764337758,
          "C(problem_key)[T.gsm8k:409]": 5.962794636810692,
          "C(problem_key)[T.gsm8k:423]": 4.908335903810617,
          "C(problem_key)[T.gsm8k:427]": 2.8663361906003435,
          "C(problem_key)[T.gsm8k:428]": 4.900002886209167,
          "C(problem_key)[T.gsm8k:439]": 1.641463173774109,
          "C(problem_key)[T.gsm8k:493]": 3.444654896762697,
          "C(problem_key)[T.gsm8k:529]": 2.367854621179054,
          "C(problem_key)[T.gsm8k:570]": 2.9120624611055006,
          "C(problem_key)[T.gsm8k:589]": 2.992899194805879,
          "C(problem_key)[T.gsm8k:58]": 2.7156148573986814,
          "C(problem_key)[T.gsm8k:590]": 3.642238580403001,
          "C(problem_key)[T.gsm8k:598]": 1.9996078974089622,
          "C(problem_key)[T.gsm8k:649]": 3.373259547506674,
          "C(problem_key)[T.gsm8k:701]": 2.2938636311065936,
          "C(problem_key)[T.gsm8k:754]": 2.884652539301862,
          "C(problem_key)[T.gsm8k:780]": 5.020488014467655,
          "C(problem_key)[T.gsm8k:806]": 1.7519374949911666,
          "C(problem_key)[T.gsm8k:813]": 2.145329615695018,
          "C(problem_key)[T.gsm8k:86]": 2.558901797000127,
          "C(problem_key)[T.gsm8k:894]": 2.854686692240786,
          "C(problem_key)[T.gsm8k:901]": 3.561138898814411,
          "C(problem_key)[T.gsm8k:926]": 3.013101538623061,
          "C(problem_key)[T.gsm8k:932]": 3.155562638787682,
          "C(problem_key)[T.gsm8k:952]": 3.302620001059319,
          "C(problem_key)[T.gsm8k:962]": 26.87156426331208,
          "C(problem_key)[T.gsm8k:984]": 4.985284676371775,
          "C(problem_key)[T.gsm8k:997]": 3.1602615509538263,
          "Intercept": 1.281629384032778,
          "log_trace_tokens": -0.7930294107427502,
          "same_lineage[T.True]": 1.152326120257188
        },
        "se_cluster_problem": {
          "C(corrector_key)[T.qwen25_7b]": 0.254669527002403,
          "C(corrector_key)[T.qwen3_4b]": 0.25625591540523357,
          "C(corrector_key)[T.qwen3_8b]": 0.22072155522590683,
          "C(generator_key)[T.qwen25_7b]": 0.3295875660063285,
          "C(generator_key)[T.qwen3_4b]": 0.3914437278388996,
          "C(generator_key)[T.qwen3_8b]": 0.3616200349323578,
          "C(problem_key)[T.gsm8k:1031]": 0.4376975032068394,
          "C(problem_key)[T.gsm8k:1046]": 0.2601363213782919,
          "C(problem_key)[T.gsm8k:1068]": 0.31334248771835416,
          "C(problem_key)[T.gsm8k:1070]": 0.33986235438843804,
          "C(problem_key)[T.gsm8k:1075]": 0.26046963572089094,
          "C(problem_key)[T.gsm8k:1088]": 1.0689291061378325,
          "C(problem_key)[T.gsm8k:1147]": 0.3204960048662947,
          "C(problem_key)[T.gsm8k:115]": 0.10797924987444613,
          "C(problem_key)[T.gsm8k:1165]": 0.266661190242751,
          "C(problem_key)[T.gsm8k:1166]": 0.03960782382169407,
          "C(problem_key)[T.gsm8k:1183]": 0.24712018527843335,
          "C(problem_key)[T.gsm8k:1188]": 0.16326847805887246,
          "C(problem_key)[T.gsm8k:1190]": 0.22778349938759027,
          "C(problem_key)[T.gsm8k:1202]": 0.3158821999156373,
          "C(problem_key)[T.gsm8k:1249]": 0.3266177489264817,
          "C(problem_key)[T.gsm8k:1251]": 0.347656300731781,
          "C(problem_key)[T.gsm8k:129]": 0.2031355642796665,
          "C(problem_key)[T.gsm8k:12]": 0.2199637644787265,
          "C(problem_key)[T.gsm8k:1309]": 1.1067886119264154,
          "C(problem_key)[T.gsm8k:135]": 0.5512698101154396,
          "C(problem_key)[T.gsm8k:147]": 0.19988206905621467,
          "C(problem_key)[T.gsm8k:184]": 1.0480591126392824,
          "C(problem_key)[T.gsm8k:210]": 0.15195384991347524,
          "C(problem_key)[T.gsm8k:242]": 0.22051965975367735,
          "C(problem_key)[T.gsm8k:266]": 0.2616919485110996,
          "C(problem_key)[T.gsm8k:297]": 0.4097573817672476,
          "C(problem_key)[T.gsm8k:298]": 0.42921418338548545,
          "C(problem_key)[T.gsm8k:2]": 0.12154333423196116,
          "C(problem_key)[T.gsm8k:303]": 0.2290389992984269,
          "C(problem_key)[T.gsm8k:306]": 1.129615296889625,
          "C(problem_key)[T.gsm8k:380]": 0.14593966083076781,
          "C(problem_key)[T.gsm8k:394]": 0.2800929557712787,
          "C(problem_key)[T.gsm8k:409]": 0.1675589038153647,
          "C(problem_key)[T.gsm8k:423]": 0.2286361839054816,
          "C(problem_key)[T.gsm8k:427]": 0.25847281538145167,
          "C(problem_key)[T.gsm8k:428]": 0.23419865446862567,
          "C(problem_key)[T.gsm8k:439]": 0.275629863986749,
          "C(problem_key)[T.gsm8k:493]": 0.29606595781174094,
          "C(problem_key)[T.gsm8k:529]": 0.3926620215343365,
          "C(problem_key)[T.gsm8k:570]": 0.22864601028182122,
          "C(problem_key)[T.gsm8k:589]": 0.3760323658635107,
          "C(problem_key)[T.gsm8k:58]": 0.3559321188409836,
          "C(problem_key)[T.gsm8k:590]": 0.40553662534368656,
          "C(problem_key)[T.gsm8k:598]": 0.4450550969970637,
          "C(problem_key)[T.gsm8k:649]": 0.5821639487158051,
          "C(problem_key)[T.gsm8k:701]": 0.4432934459627113,
          "C(problem_key)[T.gsm8k:754]": 0.0670591732086086,
          "C(problem_key)[T.gsm8k:780]": 0.17648906788535937,
          "C(problem_key)[T.gsm8k:806]": 0.20122845476285225,
          "C(problem_key)[T.gsm8k:813]": 0.3473402447413575,
          "C(problem_key)[T.gsm8k:86]": 0.267737485598688,
          "C(problem_key)[T.gsm8k:894]": 0.1317945279743271,
          "C(problem_key)[T.gsm8k:901]": 0.21757761581740453,
          "C(problem_key)[T.gsm8k:926]": 0.16347255840734884,
          "C(problem_key)[T.gsm8k:932]": 0.48507130979068347,
          "C(problem_key)[T.gsm8k:952]": 0.3879491029604771,
          "C(problem_key)[T.gsm8k:962]": 1.2249427423633132,
          "C(problem_key)[T.gsm8k:984]": 0.19272994390272719,
          "C(problem_key)[T.gsm8k:997]": 0.4816315950671812,
          "Intercept": 3.4058353382524817,
          "log_trace_tokens": 0.5319028213149766,
          "same_lineage[T.True]": 0.14700237774710312
        }
      },
      "leave_one_corrector_out_nll_coefficients": {
        "qwen25_3b": -0.5339227911063407,
        "qwen25_7b": -0.6295045777707041,
        "qwen3_4b": -0.5490948793639449,
        "qwen3_8b": -0.8780206513342232
      },
      "nll_model": {
        "ci95": {
          "C(corrector_key)[T.qwen25_7b]": [
            -1.1257600198856887,
            -0.1101486918741692
          ],
          "C(corrector_key)[T.qwen3_4b]": [
            -0.7887124968862598,
            0.233411326227569
          ],
          "C(corrector_key)[T.qwen3_8b]": [
            -1.6028507505425382,
            -0.6970274727467898
          ],
          "C(generator_key)[T.qwen25_7b]": [
            -0.14210829346678278,
            1.2046127099451998
          ],
          "C(generator_key)[T.qwen3_4b]": [
            0.7252403193530502,
            2.1541590961774855
          ],
          "C(generator_key)[T.qwen3_8b]": [
            0.7596480747428598,
            2.148899694811878
          ],
          "C(problem_key)[T.gsm8k:1031]": [
            0.6232679944589958,
            2.3745691999203506
          ],
          "C(problem_key)[T.gsm8k:1046]": [
            3.479095933173082,
            4.4968226643060545
          ],
          "C(problem_key)[T.gsm8k:1068]": [
            2.6035726640643237,
            3.7923053511365707
          ],
          "C(problem_key)[T.gsm8k:1070]": [
            2.944121763598541,
            4.271346978980419
          ],
          "C(problem_key)[T.gsm8k:1075]": [
            2.3143335855655645,
            3.6223763395141475
          ],
          "C(problem_key)[T.gsm8k:1088]": [
            24.851256126622317,
            29.09612353903939
          ],
          "C(problem_key)[T.gsm8k:1147]": [
            2.795886775235597,
            4.040133008834463
          ],
          "C(problem_key)[T.gsm8k:115]": [
            1.4428150921562342,
            1.9293300644757378
          ],
          "C(problem_key)[T.gsm8k:1165]": [
            2.376515732850099,
            3.5154385219356197
          ],
          "C(problem_key)[T.gsm8k:1166]": [
            1.314207234113613,
            1.7130774872722565
          ],
          "C(problem_key)[T.gsm8k:1183]": [
            2.6366810944284516,
            3.7850486803407297
          ],
          "C(problem_key)[T.gsm8k:1188]": [
            3.468745908999543,
            4.36617073333751
          ],
          "C(problem_key)[T.gsm8k:1190]": [
            1.3530003071235872,
            2.222064915164717
          ],
          "C(problem_key)[T.gsm8k:1202]": [
            0.45700462647903073,
            1.6413113699428723
          ],
          "C(problem_key)[T.gsm8k:1249]": [
            1.6740594083949332,
            2.920551367216713
          ],
          "C(problem_key)[T.gsm8k:1251]": [
            1.8759017429534968,
            3.2448198876377106
          ],
          "C(problem_key)[T.gsm8k:129]": [
            1.1869241518620428,
            2.0720746536971726
          ],
          "C(problem_key)[T.gsm8k:12]": [
            4.24836705209076,
            5.165620572888473
          ],
          "C(problem_key)[T.gsm8k:1309]": [
            24.2911879634999,
            28.710163448214452
          ],
          "C(problem_key)[T.gsm8k:135]": [
            1.0676337973156655,
            3.244987082054144
          ],
          "C(problem_key)[T.gsm8k:147]": [
            2.5810003354375963,
            3.4123682102286317
          ],
          "C(problem_key)[T.gsm8k:184]": [
            -24.560310835184065,
            -20.363702490915802
          ],
          "C(problem_key)[T.gsm8k:210]": [
            3.1853874506992934,
            3.7798819145550215
          ],
          "C(problem_key)[T.gsm8k:242]": [
            3.6496026273886244,
            4.5180691852309085
          ],
          "C(problem_key)[T.gsm8k:266]": [
            0.6508675121575721,
            1.9276571005536622
          ],
          "C(problem_key)[T.gsm8k:297]": [
            2.5170528528783724,
            4.208344482446286
          ],
          "C(problem_key)[T.gsm8k:298]": [
            2.21469270604328,
            4.003494343036374
          ],
          "C(problem_key)[T.gsm8k:2]": [
            -0.09477979109825671,
            0.5558752923672344
          ],
          "C(problem_key)[T.gsm8k:303]": [
            1.5417500368181196,
            2.5026978694323816
          ],
          "C(problem_key)[T.gsm8k:306]": [
            24.199580820931494,
            28.676930703532513
          ],
          "C(problem_key)[T.gsm8k:380]": [
            3.104212084321257,
            3.709026200541703
          ],
          "C(problem_key)[T.gsm8k:394]": [
            2.4525640803602227,
            3.552156540396895
          ],
          "C(problem_key)[T.gsm8k:409]": [
            4.560447259020481,
            5.730661007333447
          ],
          "C(problem_key)[T.gsm8k:423]": [
            4.217050664628895,
            5.075573372574575
          ],
          "C(problem_key)[T.gsm8k:427]": [
            2.3466668883698554,
            3.378196830685306
          ],
          "C(problem_key)[T.gsm8k:428]": [
            4.458793452735691,
            5.5368033402776256
          ],
          "C(problem_key)[T.gsm8k:439]": [
            1.2682280395649395,
            2.4697095133629667
          ],
          "C(problem_key)[T.gsm8k:493]": [
            2.822793074676391,
            3.992530190698397
          ],
          "C(problem_key)[T.gsm8k:529]": [
            1.5943712110194692,
            3.1486518711334757
          ],
          "C(problem_key)[T.gsm8k:570]": [
            1.7808823158303113,
            2.85438074620329
          ],
          "C(problem_key)[T.gsm8k:589]": [
            1.6640409846046422,
            3.178956776147757
          ],
          "C(problem_key)[T.gsm8k:58]": [
            1.817576558222868,
            3.1836951295151845
          ],
          "C(problem_key)[T.gsm8k:590]": [
            3.135111516747661,
            5.085149996279717
          ],
          "C(problem_key)[T.gsm8k:598]": [
            1.0619048383487186,
            2.7678790389413326
          ],
          "C(problem_key)[T.gsm8k:649]": [
            1.95161919218772,
            4.188356607255166
          ],
          "C(problem_key)[T.gsm8k:701]": [
            1.3188190898382217,
            3.016313184120979
          ],
          "C(problem_key)[T.gsm8k:754]": [
            2.381079011332408,
            2.804652638025257
          ],
          "C(problem_key)[T.gsm8k:780]": [
            4.490619952346482,
            5.227066526808156
          ],
          "C(problem_key)[T.gsm8k:806]": [
            0.4672087646649462,
            1.6190802317679265
          ],
          "C(problem_key)[T.gsm8k:813]": [
            1.3237703203903846,
            2.6227282527970006
          ],
          "C(problem_key)[T.gsm8k:86]": [
            2.1288503358912894,
            3.2633502108180843
          ],
          "C(problem_key)[T.gsm8k:894]": [
            2.7060903907173492,
            3.2904038007263847
          ],
          "C(problem_key)[T.gsm8k:901]": [
            3.399053668859099,
            4.737060718605174
          ],
          "C(problem_key)[T.gsm8k:926]": [
            2.824887370333953,
            3.4940182991377515
          ],
          "C(problem_key)[T.gsm8k:932]": [
            2.05240743035532,
            3.9328623211916884
          ],
          "C(problem_key)[T.gsm8k:952]": [
            1.876558080140573,
            3.4523386546043917
          ],
          "C(problem_key)[T.gsm8k:962]": [
            24.38938214855938,
            29.20999660534655
          ],
          "C(problem_key)[T.gsm8k:984]": [
            3.8408425584465524,
            4.855653316828174
          ],
          "C(problem_key)[T.gsm8k:997]": [
            2.177663781397357,
            4.096393471837768
          ],
          "Intercept": [
            -3.419822967208084,
            9.720635134938547
          ],
          "log_trace_tokens": [
            -2.0287611305613016,
            0.005904717848878027
          ],
          "mean_nll_z": [
            -1.0866164821831845,
            -0.15189754186600402
          ],
          "same_lineage[T.True]": [
            -0.2721602282086215,
            0.9409075118578321
          ]
        },
        "n": 960,
        "params": {
          "C(corrector_key)[T.qwen25_7b]": -0.617954355879929,
          "C(corrector_key)[T.qwen3_4b]": -0.2776505853293454,
          "C(corrector_key)[T.qwen3_8b]": -1.149939111644664,
          "C(generator_key)[T.qwen25_7b]": 0.5312522082392085,
          "C(generator_key)[T.qwen3_4b]": 1.4396997077652678,
          "C(generator_key)[T.qwen3_8b]": 1.4542738847773689,
          "C(problem_key)[T.gsm8k:1031]": 1.4989185971896732,
          "C(problem_key)[T.gsm8k:1046]": 3.9879592987395682,
          "C(problem_key)[T.gsm8k:1068]": 3.1979390076004472,
          "C(problem_key)[T.gsm8k:1070]": 3.60773437128948,
          "C(problem_key)[T.gsm8k:1075]": 2.968354962539856,
          "C(problem_key)[T.gsm8k:1088]": 26.973689832830853,
          "C(problem_key)[T.gsm8k:1147]": 3.41800989203503,
          "C(problem_key)[T.gsm8k:115]": 1.686072578315986,
          "C(problem_key)[T.gsm8k:1165]": 2.9459771273928594,
          "C(problem_key)[T.gsm8k:1166]": 1.5136423606929348,
          "C(problem_key)[T.gsm8k:1183]": 3.2108648873845906,
          "C(problem_key)[T.gsm8k:1188]": 3.9174583211685263,
          "C(problem_key)[T.gsm8k:1190]": 1.787532611144152,
          "C(problem_key)[T.gsm8k:1202]": 1.0491579982109516,
          "C(problem_key)[T.gsm8k:1249]": 2.297305387805823,
          "C(problem_key)[T.gsm8k:1251]": 2.5603608152956037,
          "C(problem_key)[T.gsm8k:129]": 1.6294994027796077,
          "C(problem_key)[T.gsm8k:12]": 4.706993812489617,
          "C(problem_key)[T.gsm8k:1309]": 26.500675705857176,
          "C(problem_key)[T.gsm8k:135]": 2.156310439684905,
          "C(problem_key)[T.gsm8k:147]": 2.996684272833114,
          "C(problem_key)[T.gsm8k:184]": -22.462006663049934,
          "C(problem_key)[T.gsm8k:210]": 3.4826346826271575,
          "C(problem_key)[T.gsm8k:242]": 4.0838359063097665,
          "C(problem_key)[T.gsm8k:266]": 1.2892623063556172,
          "C(problem_key)[T.gsm8k:297]": 3.362698667662329,
          "C(problem_key)[T.gsm8k:298]": 3.1090935245398272,
          "C(problem_key)[T.gsm8k:2]": 0.23054775063448887,
          "C(problem_key)[T.gsm8k:303]": 2.0222239531252506,
          "C(problem_key)[T.gsm8k:306]": 26.438255762232004,
          "C(problem_key)[T.gsm8k:380]": 3.40661914243148,
          "C(problem_key)[T.gsm8k:394]": 3.0023603103785588,
          "C(problem_key)[T.gsm8k:409]": 5.145554133176964,
          "C(problem_key)[T.gsm8k:423]": 4.646312018601735,
          "C(problem_key)[T.gsm8k:427]": 2.8624318595275806,
          "C(problem_key)[T.gsm8k:428]": 4.997798396506658,
          "C(problem_key)[T.gsm8k:439]": 1.868968776463953,
          "C(problem_key)[T.gsm8k:493]": 3.407661632687394,
          "C(problem_key)[T.gsm8k:529]": 2.3715115410764724,
          "C(problem_key)[T.gsm8k:570]": 2.3176315310168007,
          "C(problem_key)[T.gsm8k:589]": 2.4214988803761996,
          "C(problem_key)[T.gsm8k:58]": 2.500635843869026,
          "C(problem_key)[T.gsm8k:590]": 4.110130756513689,
          "C(problem_key)[T.gsm8k:598]": 1.9148919386450256,
          "C(problem_key)[T.gsm8k:649]": 3.069987899721443,
          "C(problem_key)[T.gsm8k:701]": 2.1675661369796004,
          "C(problem_key)[T.gsm8k:754]": 2.5928658246788325,
          "C(problem_key)[T.gsm8k:780]": 4.858843239577319,
          "C(problem_key)[T.gsm8k:806]": 1.0431444982164364,
          "C(problem_key)[T.gsm8k:813]": 1.9732492865936926,
          "C(problem_key)[T.gsm8k:86]": 2.696100273354687,
          "C(problem_key)[T.gsm8k:894]": 2.998247095721867,
          "C(problem_key)[T.gsm8k:901]": 4.068057193732137,
          "C(problem_key)[T.gsm8k:926]": 3.1594528347358524,
          "C(problem_key)[T.gsm8k:932]": 2.992634875773504,
          "C(problem_key)[T.gsm8k:952]": 2.6644483673724824,
          "C(problem_key)[T.gsm8k:962]": 26.799689376952966,
          "C(problem_key)[T.gsm8k:984]": 4.348247937637363,
          "C(problem_key)[T.gsm8k:997]": 3.1370286266175627,
          "Intercept": 3.1504060838652315,
          "log_trace_tokens": -1.0114282063562117,
          "mean_nll_z": -0.6192570120245943,
          "same_lineage[T.True]": 0.33437364182460527
        },
        "se_cluster_problem": {
          "C(corrector_key)[T.qwen25_7b]": 0.25908452245191826,
          "C(corrector_key)[T.qwen3_4b]": 0.26074587324332366,
          "C(corrector_key)[T.qwen3_8b]": 0.23107736678462973,
          "C(generator_key)[T.qwen25_7b]": 0.3435512763806078,
          "C(generator_key)[T.qwen3_4b]": 0.3645200961286824,
          "C(generator_key)[T.qwen3_8b]": 0.3544009234869944,
          "C(problem_key)[T.gsm8k:1031]": 0.4467605115972844,
          "C(problem_key)[T.gsm8k:1046]": 0.2596241661053503,
          "C(problem_key)[T.gsm8k:1068]": 0.30324813445720594,
          "C(problem_key)[T.gsm8k:1070]": 0.33857786106680565,
          "C(problem_key)[T.gsm8k:1075]": 0.3336843760072916,
          "C(problem_key)[T.gsm8k:1088]": 1.0828743399023149,
          "C(problem_key)[T.gsm8k:1147]": 0.3174097534690984,
          "C(problem_key)[T.gsm8k:115]": 0.12411096232640405,
          "C(problem_key)[T.gsm8k:1165]": 0.29054152782793896,
          "C(problem_key)[T.gsm8k:1166]": 0.10175261560169471,
          "C(problem_key)[T.gsm8k:1183]": 0.2929509147735403,
          "C(problem_key)[T.gsm8k:1188]": 0.22893490416784873,
          "C(problem_key)[T.gsm8k:1190]": 0.2217001551125331,
          "C(problem_key)[T.gsm8k:1202]": 0.3021190672101637,
          "C(problem_key)[T.gsm8k:1249]": 0.3179826425565765,
          "C(problem_key)[T.gsm8k:1251]": 0.3492138124194424,
          "C(problem_key)[T.gsm8k:129]": 0.22580369944773715,
          "C(problem_key)[T.gsm8k:12]": 0.23399324510145736,
          "C(problem_key)[T.gsm8k:1309]": 1.1272896644679986,
          "C(problem_key)[T.gsm8k:135]": 0.555447266514918,
          "C(problem_key)[T.gsm8k:147]": 0.21208364152832523,
          "C(problem_key)[T.gsm8k:184]": 1.0705633531296592,
          "C(problem_key)[T.gsm8k:210]": 0.15165675098360404,
          "C(problem_key)[T.gsm8k:242]": 0.22154759128629686,
          "C(problem_key)[T.gsm8k:266]": 0.32571162969288014,
          "C(problem_key)[T.gsm8k:297]": 0.4314519463183452,
          "C(problem_key)[T.gsm8k:298]": 0.45632694821252395,
          "C(problem_key)[T.gsm8k:2]": 0.16598343965956408,
          "C(problem_key)[T.gsm8k:303]": 0.24513975321792403,
          "C(problem_key)[T.gsm8k:306]": 1.1421810925002591,
          "C(problem_key)[T.gsm8k:380]": 0.15428931536235874,
          "C(problem_key)[T.gsm8k:394]": 0.2805082806216,
          "C(problem_key)[T.gsm8k:409]": 0.2985239153859607,
          "C(problem_key)[T.gsm8k:423]": 0.2190108948841019,
          "C(problem_key)[T.gsm8k:427]": 0.263145393447819,
          "C(problem_key)[T.gsm8k:428]": 0.27500252233212613,
          "C(problem_key)[T.gsm8k:439]": 0.3065003759688846,
          "C(problem_key)[T.gsm8k:493]": 0.29840232551581786,
          "C(problem_key)[T.gsm8k:529]": 0.3965001683964302,
          "C(problem_key)[T.gsm8k:570]": 0.2738516404012702,
          "C(problem_key)[T.gsm8k:589]": 0.3864581100875293,
          "C(problem_key)[T.gsm8k:58]": 0.3484996355337542,
          "C(problem_key)[T.gsm8k:590]": 0.497458795798994,
          "C(problem_key)[T.gsm8k:598]": 0.435197500151177,
          "C(problem_key)[T.gsm8k:649]": 0.5705962793539403,
          "C(problem_key)[T.gsm8k:701]": 0.4330342077251932,
          "C(problem_key)[T.gsm8k:754]": 0.10805449660531853,
          "C(problem_key)[T.gsm8k:780]": 0.18786902409736586,
          "C(problem_key)[T.gsm8k:806]": 0.2938447620160664,
          "C(problem_key)[T.gsm8k:813]": 0.33136681949148367,
          "C(problem_key)[T.gsm8k:86]": 0.2894132333996926,
          "C(problem_key)[T.gsm8k:894]": 0.14905954336965188,
          "C(problem_key)[T.gsm8k:901]": 0.34132832901685595,
          "C(problem_key)[T.gsm8k:926]": 0.17069666551117307,
          "C(problem_key)[T.gsm8k:932]": 0.4797078803154001,
          "C(problem_key)[T.gsm8k:952]": 0.40198484042444355,
          "C(problem_key)[T.gsm8k:962]": 1.2297485859150943,
          "C(problem_key)[T.gsm8k:984]": 0.2588802955055156,
          "C(problem_key)[T.gsm8k:997]": 0.4894718598062274,
          "Intercept": 3.352157679119039,
          "log_trace_tokens": 0.5190474103087193,
          "mean_nll_z": 0.23844870926458686,
          "same_lineage[T.True]": 0.3094560561394014
        }
      },
      "same_coefficient_attenuation_fraction": 0.709827247732633,
      "same_vs_cross_likelihood": {
        "ci95": [
          -1.398280928914102,
          -1.2501965925807113
        ],
        "same_minus_cross_z_nll": -1.3231090546027664
      }
    },
    "external_neutral": {
      "base_model": {
        "ci95": {
          "C(corrector_key)[T.qwen25_7b]": [
            -1.3450447430225274,
            -0.3664038055073977
          ],
          "C(corrector_key)[T.qwen3_4b]": [
            -1.6933899084867776,
            -0.46511480584389775
          ],
          "C(corrector_key)[T.qwen3_8b]": [
            -1.5913880024069886,
            -0.5139189710786489
          ],
          "C(generator_key)[T.qwen25_7b]": [
            0.18497698451517175,
            1.3972097502192096
          ],
          "C(generator_key)[T.qwen3_4b]": [
            0.33609153353141263,
            1.8083804664548482
          ],
          "C(generator_key)[T.qwen3_8b]": [
            0.6696240355302759,
            2.201741135359571
          ],
          "C(problem_key)[T.gsm8k:1031]": [
            -0.31079036403930593,
            1.5850265852143892
          ],
          "C(problem_key)[T.gsm8k:1046]": [
            3.265012452348528,
            4.4064445814447195
          ],
          "C(problem_key)[T.gsm8k:1068]": [
            3.053363968748658,
            4.438686025551399
          ],
          "C(problem_key)[T.gsm8k:1070]": [
            1.4520206793710035,
            2.8619342971824167
          ],
          "C(problem_key)[T.gsm8k:1075]": [
            2.893801448266669,
            4.0353836767461155
          ],
          "C(problem_key)[T.gsm8k:1088]": [
            4.516209992806882,
            5.355200333185692
          ],
          "C(problem_key)[T.gsm8k:1147]": [
            2.07378726615394,
            3.4397862853918095
          ],
          "C(problem_key)[T.gsm8k:115]": [
            -23.96941354034564,
            -19.83515037797575
          ],
          "C(problem_key)[T.gsm8k:1165]": [
            2.264324996010799,
            3.4086781372288963
          ],
          "C(problem_key)[T.gsm8k:1166]": [
            0.7830153078415968,
            0.8877890388274637
          ],
          "C(problem_key)[T.gsm8k:1183]": [
            2.0493985917938344,
            3.102161632777359
          ],
          "C(problem_key)[T.gsm8k:1188]": [
            2.434382400338621,
            3.0452603457464518
          ],
          "C(problem_key)[T.gsm8k:1190]": [
            0.8810542986191323,
            1.8484517317920655
          ],
          "C(problem_key)[T.gsm8k:1202]": [
            0.14769278665715957,
            1.5105617482983977
          ],
          "C(problem_key)[T.gsm8k:1249]": [
            1.4344194619505615,
            2.8657401051083466
          ],
          "C(problem_key)[T.gsm8k:1251]": [
            2.5797993123831517,
            4.090378845000027
          ],
          "C(problem_key)[T.gsm8k:129]": [
            0.9332979147624243,
            1.8360045522868484
          ],
          "C(problem_key)[T.gsm8k:12]": [
            3.4392191683071553,
            4.376380865528152
          ],
          "C(problem_key)[T.gsm8k:1309]": [
            25.032173079452352,
            29.43148379989763
          ],
          "C(problem_key)[T.gsm8k:135]": [
            -0.00884630234783823,
            2.4010176961361616
          ],
          "C(problem_key)[T.gsm8k:147]": [
            2.51414650686862,
            3.3681853495211334
          ],
          "C(problem_key)[T.gsm8k:184]": [
            -23.880055546405732,
            -19.773663401213522
          ],
          "C(problem_key)[T.gsm8k:210]": [
            3.74243809616896,
            4.341191873659249
          ],
          "C(problem_key)[T.gsm8k:242]": [
            3.056410924471237,
            4.017174431289355
          ],
          "C(problem_key)[T.gsm8k:266]": [
            0.7558211796824748,
            1.8664716512928496
          ],
          "C(problem_key)[T.gsm8k:297]": [
            2.0125192742651996,
            3.805241167495224
          ],
          "C(problem_key)[T.gsm8k:298]": [
            1.92878945271271,
            3.8180341436131986
          ],
          "C(problem_key)[T.gsm8k:2]": [
            0.3486930466404784,
            0.8696576278019342
          ],
          "C(problem_key)[T.gsm8k:303]": [
            0.43105880342443903,
            1.4743064440934415
          ],
          "C(problem_key)[T.gsm8k:306]": [
            24.87746787824613,
            29.390112897736095
          ],
          "C(problem_key)[T.gsm8k:380]": [
            2.454169269530816,
            3.0371573339368907
          ],
          "C(problem_key)[T.gsm8k:394]": [
            1.9176603039264495,
            3.121147610312233
          ],
          "C(problem_key)[T.gsm8k:409]": [
            4.241247988628519,
            4.795998155865554
          ],
          "C(problem_key)[T.gsm8k:423]": [
            5.155730106713416,
            6.203655801834775
          ],
          "C(problem_key)[T.gsm8k:427]": [
            2.8983679903245427,
            4.042633353609032
          ],
          "C(problem_key)[T.gsm8k:428]": [
            4.352137095223282,
            5.36730976847601
          ],
          "C(problem_key)[T.gsm8k:439]": [
            0.6885815946357454,
            1.878259265494495
          ],
          "C(problem_key)[T.gsm8k:493]": [
            1.5811865614069616,
            2.8396106839833646
          ],
          "C(problem_key)[T.gsm8k:529]": [
            1.2048567380815385,
            2.90442467413075
          ],
          "C(problem_key)[T.gsm8k:570]": [
            2.695082746460553,
            3.6950348496910586
          ],
          "C(problem_key)[T.gsm8k:589]": [
            1.236438722145114,
            2.8986940064633195
          ],
          "C(problem_key)[T.gsm8k:58]": [
            1.6392554389071445,
            3.1698447680557047
          ],
          "C(problem_key)[T.gsm8k:590]": [
            2.7212127189651567,
            4.49389786401084
          ],
          "C(problem_key)[T.gsm8k:598]": [
            0.9989188606701895,
            2.943003336422034
          ],
          "C(problem_key)[T.gsm8k:649]": [
            3.7797547620950382,
            6.403884766579555
          ],
          "C(problem_key)[T.gsm8k:701]": [
            0.9797860053587192,
            2.9473774497342693
          ],
          "C(problem_key)[T.gsm8k:754]": [
            3.294205506384751,
            3.6331157348606196
          ],
          "C(problem_key)[T.gsm8k:780]": [
            3.661734977896355,
            4.358512577459006
          ],
          "C(problem_key)[T.gsm8k:806]": [
            2.191741007141419,
            3.0770188021859846
          ],
          "C(problem_key)[T.gsm8k:813]": [
            0.7423934354569982,
            2.2718553873557625
          ],
          "C(problem_key)[T.gsm8k:86]": [
            0.35567575469157076,
            1.5015926924800598
          ],
          "C(problem_key)[T.gsm8k:894]": [
            2.2802058890173806,
            2.8653043976518533
          ],
          "C(problem_key)[T.gsm8k:901]": [
            1.5194515065023169,
            2.508184171068853
          ],
          "C(problem_key)[T.gsm8k:926]": [
            2.6343665988910536,
            3.3477819350215587
          ],
          "C(problem_key)[T.gsm8k:932]": [
            2.0594229931550787,
            4.179973911277934
          ],
          "C(problem_key)[T.gsm8k:952]": [
            2.790615098663564,
            4.4807117337518045
          ],
          "C(problem_key)[T.gsm8k:962]": [
            3.620822426971581,
            6.431099905813194
          ],
          "C(problem_key)[T.gsm8k:984]": [
            3.550759932823432,
            4.364959884092406
          ],
          "C(problem_key)[T.gsm8k:997]": [
            2.434200608016173,
            4.538868417314346
          ],
          "Intercept": [
            -5.72844204359356,
            9.197461565239124
          ],
          "log_trace_tokens": [
            -1.969401268106484,
            0.3446964666718554
          ],
          "same_lineage[T.True]": [
            0.6875723148342621,
            1.3325450578536429
          ]
        },
        "n": 960,
        "params": {
          "C(corrector_key)[T.qwen25_7b]": -0.8557242742649626,
          "C(corrector_key)[T.qwen3_4b]": -1.0792523571653376,
          "C(corrector_key)[T.qwen3_8b]": -1.0526534867428188,
          "C(generator_key)[T.qwen25_7b]": 0.7910933673671907,
          "C(generator_key)[T.qwen3_4b]": 1.0722359999931304,
          "C(generator_key)[T.qwen3_8b]": 1.4356825854449233,
          "C(problem_key)[T.gsm8k:1031]": 0.6371181105875416,
          "C(problem_key)[T.gsm8k:1046]": 3.8357285168966238,
          "C(problem_key)[T.gsm8k:1068]": 3.7460249971500286,
          "C(problem_key)[T.gsm8k:1070]": 2.15697748827671,
          "C(problem_key)[T.gsm8k:1075]": 3.4645925625063922,
          "C(problem_key)[T.gsm8k:1088]": 4.935705162996287,
          "C(problem_key)[T.gsm8k:1147]": 2.756786775772875,
          "C(problem_key)[T.gsm8k:115]": -21.902281959160696,
          "C(problem_key)[T.gsm8k:1165]": 2.8365015666198476,
          "C(problem_key)[T.gsm8k:1166]": 0.8354021733345303,
          "C(problem_key)[T.gsm8k:1183]": 2.575780112285597,
          "C(problem_key)[T.gsm8k:1188]": 2.7398213730425365,
          "C(problem_key)[T.gsm8k:1190]": 1.3647530152055989,
          "C(problem_key)[T.gsm8k:1202]": 0.8291272674777787,
          "C(problem_key)[T.gsm8k:1249]": 2.150079783529454,
          "C(problem_key)[T.gsm8k:1251]": 3.335089078691589,
          "C(problem_key)[T.gsm8k:129]": 1.3846512335246364,
          "C(problem_key)[T.gsm8k:12]": 3.907800016917654,
          "C(problem_key)[T.gsm8k:1309]": 27.23182843967499,
          "C(problem_key)[T.gsm8k:135]": 1.1960856968941616,
          "C(problem_key)[T.gsm8k:147]": 2.9411659281948768,
          "C(problem_key)[T.gsm8k:184]": -21.826859473809627,
          "C(problem_key)[T.gsm8k:210]": 4.0418149849141045,
          "C(problem_key)[T.gsm8k:242]": 3.536792677880296,
          "C(problem_key)[T.gsm8k:266]": 1.3111464154876622,
          "C(problem_key)[T.gsm8k:297]": 2.908880220880212,
          "C(problem_key)[T.gsm8k:298]": 2.8734117981629543,
          "C(problem_key)[T.gsm8k:2]": 0.6091753372212063,
          "C(problem_key)[T.gsm8k:303]": 0.9526826237589403,
          "C(problem_key)[T.gsm8k:306]": 27.133790387991112,
          "C(problem_key)[T.gsm8k:380]": 2.7456633017338534,
          "C(problem_key)[T.gsm8k:394]": 2.519403957119341,
          "C(problem_key)[T.gsm8k:409]": 4.518623072247037,
          "C(problem_key)[T.gsm8k:423]": 5.6796929542740955,
          "C(problem_key)[T.gsm8k:427]": 3.4705006719667875,
          "C(problem_key)[T.gsm8k:428]": 4.859723431849646,
          "C(problem_key)[T.gsm8k:439]": 1.2834204300651202,
          "C(problem_key)[T.gsm8k:493]": 2.210398622695163,
          "C(problem_key)[T.gsm8k:529]": 2.0546407061061442,
          "C(problem_key)[T.gsm8k:570]": 3.195058798075806,
          "C(problem_key)[T.gsm8k:589]": 2.067566364304217,
          "C(problem_key)[T.gsm8k:58]": 2.4045501034814247,
          "C(problem_key)[T.gsm8k:590]": 3.6075552914879983,
          "C(problem_key)[T.gsm8k:598]": 1.9709610985461117,
          "C(problem_key)[T.gsm8k:649]": 5.091819764337297,
          "C(problem_key)[T.gsm8k:701]": 1.9635817275464942,
          "C(problem_key)[T.gsm8k:754]": 3.463660620622685,
          "C(problem_key)[T.gsm8k:780]": 4.010123777677681,
          "C(problem_key)[T.gsm8k:806]": 2.6343799046637018,
          "C(problem_key)[T.gsm8k:813]": 1.5071244114063804,
          "C(problem_key)[T.gsm8k:86]": 0.9286342235858153,
          "C(problem_key)[T.gsm8k:894]": 2.572755143334617,
          "C(problem_key)[T.gsm8k:901]": 2.013817838785585,
          "C(problem_key)[T.gsm8k:926]": 2.991074266956306,
          "C(problem_key)[T.gsm8k:932]": 3.1196984522165065,
          "C(problem_key)[T.gsm8k:952]": 3.6356634162076844,
          "C(problem_key)[T.gsm8k:962]": 5.0259611663923875,
          "C(problem_key)[T.gsm8k:984]": 3.957859908457919,
          "C(problem_key)[T.gsm8k:997]": 3.4865345126652594,
          "Intercept": 1.7345097608227817,
          "log_trace_tokens": -0.8123524007173143,
          "same_lineage[T.True]": 1.0100586863439525
        },
        "se_cluster_problem": {
          "C(corrector_key)[T.qwen25_7b]": 0.24965330038651268,
          "C(corrector_key)[T.qwen3_4b]": 0.3133354853680816,
          "C(corrector_key)[T.qwen3_8b]": 0.27486454880824995,
          "C(generator_key)[T.qwen25_7b]": 0.30924305247551986,
          "C(generator_key)[T.qwen3_4b]": 0.3755839114600601,
          "C(generator_key)[T.qwen3_8b]": 0.3908461989360446,
          "C(problem_key)[T.gsm8k:1031]": 0.4836267727687998,
          "C(problem_key)[T.gsm8k:1046]": 0.2911816655857631,
          "C(problem_key)[T.gsm8k:1068]": 0.35339848387825035,
          "C(problem_key)[T.gsm8k:1070]": 0.35967184127842167,
          "C(problem_key)[T.gsm8k:1075]": 0.29121995624475683,
          "C(problem_key)[T.gsm8k:1088]": 0.21402814805581907,
          "C(problem_key)[T.gsm8k:1147]": 0.348469137560681,
          "C(problem_key)[T.gsm8k:115]": 1.0546589699923195,
          "C(problem_key)[T.gsm8k:1165]": 0.29192682173931056,
          "C(problem_key)[T.gsm8k:1166]": 0.02672799259843547,
          "C(problem_key)[T.gsm8k:1183]": 0.26856200025089905,
          "C(problem_key)[T.gsm8k:1188]": 0.15583621056322197,
          "C(problem_key)[T.gsm8k:1190]": 0.2467850594828911,
          "C(problem_key)[T.gsm8k:1202]": 0.3476706534799077,
          "C(problem_key)[T.gsm8k:1249]": 0.365132817132088,
          "C(problem_key)[T.gsm8k:1251]": 0.38535192158593745,
          "C(problem_key)[T.gsm8k:129]": 0.23028230549092452,
          "C(problem_key)[T.gsm8k:12]": 0.2390718615359687,
          "C(problem_key)[T.gsm8k:1309]": 1.1222731429707344,
          "C(problem_key)[T.gsm8k:135]": 0.6147612241030611,
          "C(problem_key)[T.gsm8k:147]": 0.21786705169706963,
          "C(problem_key)[T.gsm8k:184]": 1.0475490166306654,
          "C(problem_key)[T.gsm8k:210]": 0.15274331058425752,
          "C(problem_key)[T.gsm8k:242]": 0.2450927313311525,
          "C(problem_key)[T.gsm8k:266]": 0.2833292019414222,
          "C(problem_key)[T.gsm8k:297]": 0.45732701357908795,
          "C(problem_key)[T.gsm8k:298]": 0.4819501762501246,
          "C(problem_key)[T.gsm8k:2]": 0.13289912784731017,
          "C(problem_key)[T.gsm8k:303]": 0.2661346022114803,
          "C(problem_key)[T.gsm8k:306]": 1.1511849539515226,
          "C(problem_key)[T.gsm8k:380]": 0.14872144500154968,
          "C(problem_key)[T.gsm8k:394]": 0.307012067955557,
          "C(problem_key)[T.gsm8k:409]": 0.14151789980536628,
          "C(problem_key)[T.gsm8k:423]": 0.2673279834493263,
          "C(problem_key)[T.gsm8k:427]": 0.29190442940930866,
          "C(problem_key)[T.gsm8k:428]": 0.25897262072773675,
          "C(problem_key)[T.gsm8k:439]": 0.303489201749681,
          "C(problem_key)[T.gsm8k:493]": 0.3210265618817355,
          "C(problem_key)[T.gsm8k:529]": 0.4335632489921458,
          "C(problem_key)[T.gsm8k:570]": 0.25508982225268007,
          "C(problem_key)[T.gsm8k:589]": 0.42404471538729727,
          "C(problem_key)[T.gsm8k:58]": 0.3904564615174899,
          "C(problem_key)[T.gsm8k:590]": 0.4522155982259396,
          "C(problem_key)[T.gsm8k:598]": 0.49593991728363374,
          "C(problem_key)[T.gsm8k:649]": 0.6694209195113564,
          "C(problem_key)[T.gsm8k:701]": 0.5019365929529465,
          "C(problem_key)[T.gsm8k:754]": 0.08645669093772165,
          "C(problem_key)[T.gsm8k:780]": 0.17774938764353343,
          "C(problem_key)[T.gsm8k:806]": 0.22583617220524638,
          "C(problem_key)[T.gsm8k:813]": 0.39016886528029704,
          "C(problem_key)[T.gsm8k:86]": 0.29232574943583906,
          "C(problem_key)[T.gsm8k:894]": 0.14925982363124307,
          "C(problem_key)[T.gsm8k:901]": 0.2522277205526878,
          "C(problem_key)[T.gsm8k:926]": 0.1819937081965574,
          "C(problem_key)[T.gsm8k:932]": 0.5409568668680754,
          "C(problem_key)[T.gsm8k:952]": 0.4311471007878166,
          "C(problem_key)[T.gsm8k:962]": 0.7169075201126565,
          "C(problem_key)[T.gsm8k:984]": 0.20770406920126896,
          "C(problem_key)[T.gsm8k:997]": 0.536905053392391,
          "Intercept": 3.807628471640991,
          "log_trace_tokens": 0.5903310547903927,
          "same_lineage[T.True]": 0.16453386301514814
        }
      },
      "leave_one_corrector_out_nll_coefficients": {
        "qwen25_3b": -1.0576315300936678,
        "qwen25_7b": -1.1404149271213826,
        "qwen3_4b": -1.0850474668780454,
        "qwen3_8b": -0.9658200625190134
      },
      "nll_model": {
        "ci95": {
          "C(corrector_key)[T.qwen25_7b]": [
            -1.3649901511095142,
            -0.36886601613246267
          ],
          "C(corrector_key)[T.qwen3_4b]": [
            -1.737668516201647,
            -0.4746510406133396
          ],
          "C(corrector_key)[T.qwen3_8b]": [
            -1.6436919935522307,
            -0.5152403061002624
          ],
          "C(generator_key)[T.qwen25_7b]": [
            -0.15710202502415127,
            1.0982125410570305
          ],
          "C(generator_key)[T.qwen3_4b]": [
            0.6204890025237692,
            2.0526995004052533
          ],
          "C(generator_key)[T.qwen3_8b]": [
            0.9085183656913315,
            2.484475102850352
          ],
          "C(problem_key)[T.gsm8k:1031]": [
            -0.3690677279892709,
            1.6999299646081765
          ],
          "C(problem_key)[T.gsm8k:1046]": [
            2.715392159470844,
            3.930260567665294
          ],
          "C(problem_key)[T.gsm8k:1068]": [
            2.6523754924608256,
            4.088238953132785
          ],
          "C(problem_key)[T.gsm8k:1070]": [
            1.1449632213391419,
            2.6278067973281103
          ],
          "C(problem_key)[T.gsm8k:1075]": [
            3.4979187978995,
            4.975026846073916
          ],
          "C(problem_key)[T.gsm8k:1088]": [
            3.4341525908223356,
            4.559525493432018
          ],
          "C(problem_key)[T.gsm8k:1147]": [
            1.4528012917154176,
            2.917831851861848
          ],
          "C(problem_key)[T.gsm8k:115]": [
            -23.79100423325666,
            -19.660463014793354
          ],
          "C(problem_key)[T.gsm8k:1165]": [
            1.2972828369090128,
            2.6416248750655518
          ],
          "C(problem_key)[T.gsm8k:1166]": [
            0.15125013078866917,
            0.6779808217637078
          ],
          "C(problem_key)[T.gsm8k:1183]": [
            2.3768028562038914,
            3.5537424888738913
          ],
          "C(problem_key)[T.gsm8k:1188]": [
            2.6969647437777984,
            3.453552985872848
          ],
          "C(problem_key)[T.gsm8k:1190]": [
            0.4327619877989852,
            1.4442078542830012
          ],
          "C(problem_key)[T.gsm8k:1202]": [
            -0.24295627919375684,
            1.1781799797382848
          ],
          "C(problem_key)[T.gsm8k:1249]": [
            1.0693294702099299,
            2.5679142709733633
          ],
          "C(problem_key)[T.gsm8k:1251]": [
            1.6574373107687013,
            3.313760819891624
          ],
          "C(problem_key)[T.gsm8k:129]": [
            0.1007473112167595,
            1.199538334196487
          ],
          "C(problem_key)[T.gsm8k:12]": [
            3.0901377299279864,
            4.170535969795911
          ],
          "C(problem_key)[T.gsm8k:1309]": [
            23.654021655890013,
            28.196384253479494
          ],
          "C(problem_key)[T.gsm8k:135]": [
            -0.14355693100648526,
            2.422894932352027
          ],
          "C(problem_key)[T.gsm8k:147]": [
            2.5430648606228683,
            3.4783585464287006
          ],
          "C(problem_key)[T.gsm8k:184]": [
            -24.90335466006859,
            -20.695414213649567
          ],
          "C(problem_key)[T.gsm8k:210]": [
            3.4493329803558885,
            4.081561619621545
          ],
          "C(problem_key)[T.gsm8k:242]": [
            2.5308063435177446,
            3.5691458540912797
          ],
          "C(problem_key)[T.gsm8k:266]": [
            -0.5732733301735631,
            0.9309622702808134
          ],
          "C(problem_key)[T.gsm8k:297]": [
            1.9904707048578163,
            3.982074479775734
          ],
          "C(problem_key)[T.gsm8k:298]": [
            2.0274662459743658,
            4.119189847753011
          ],
          "C(problem_key)[T.gsm8k:2]": [
            -0.39008205578910493,
            0.36172195482141145
          ],
          "C(problem_key)[T.gsm8k:303]": [
            0.10112082010521373,
            1.4397586246033898
          ],
          "C(problem_key)[T.gsm8k:306]": [
            23.591606613843155,
            28.21651154489068
          ],
          "C(problem_key)[T.gsm8k:380]": [
            1.9172507987915162,
            2.6027185256342977
          ],
          "C(problem_key)[T.gsm8k:394]": [
            1.5884455041215952,
            2.8572722364440004
          ],
          "C(problem_key)[T.gsm8k:409]": [
            2.8095402082577703,
            3.919814107518288
          ],
          "C(problem_key)[T.gsm8k:423]": [
            4.72979539136373,
            5.740513986984745
          ],
          "C(problem_key)[T.gsm8k:427]": [
            2.847140679139422,
            4.084812864093876
          ],
          "C(problem_key)[T.gsm8k:428]": [
            4.418404176412336,
            5.688969323615263
          ],
          "C(problem_key)[T.gsm8k:439]": [
            0.9193050114426603,
            2.2700975428354755
          ],
          "C(problem_key)[T.gsm8k:493]": [
            1.3623585252610326,
            2.656873108724236
          ],
          "C(problem_key)[T.gsm8k:529]": [
            1.0934618358492698,
            2.9154604056224405
          ],
          "C(problem_key)[T.gsm8k:570]": [
            1.5772305529315327,
            2.8452785624279615
          ],
          "C(problem_key)[T.gsm8k:589]": [
            0.2243073002433399,
            2.059234461749368
          ],
          "C(problem_key)[T.gsm8k:58]": [
            1.194707331293858,
            2.822880650771065
          ],
          "C(problem_key)[T.gsm8k:590]": [
            3.2205640799786703,
            5.417794201938181
          ],
          "C(problem_key)[T.gsm8k:598]": [
            0.7627678286384454,
            2.7837331552893962
          ],
          "C(problem_key)[T.gsm8k:649]": [
            3.1876456050656605,
            6.008374384562363
          ],
          "C(problem_key)[T.gsm8k:701]": [
            0.7146657260255036,
            2.7206492770495947
          ],
          "C(problem_key)[T.gsm8k:754]": [
            2.7447131101269195,
            3.2430627632976043
          ],
          "C(problem_key)[T.gsm8k:780]": [
            3.103038474577223,
            3.885977535166113
          ],
          "C(problem_key)[T.gsm8k:806]": [
            0.8170221887132257,
            2.1337620622493074
          ],
          "C(problem_key)[T.gsm8k:813]": [
            0.324107314662483,
            1.8976106591765158
          ],
          "C(problem_key)[T.gsm8k:86]": [
            0.21248900018366745,
            1.685874268980981
          ],
          "C(problem_key)[T.gsm8k:894]": [
            2.478156339027844,
            3.25987219619619
          ],
          "C(problem_key)[T.gsm8k:901]": [
            1.979443836480658,
            3.310324666665191
          ],
          "C(problem_key)[T.gsm8k:926]": [
            2.822367677048129,
            3.5270088205373074
          ],
          "C(problem_key)[T.gsm8k:932]": [
            1.6780451642888028,
            3.9457404415026174
          ],
          "C(problem_key)[T.gsm8k:952]": [
            1.606339894277638,
            3.5002981758823886
          ],
          "C(problem_key)[T.gsm8k:962]": [
            3.3220538844029397,
            6.3522294376969155
          ],
          "C(problem_key)[T.gsm8k:984]": [
            2.4770576214340867,
            3.5955069933492805
          ],
          "C(problem_key)[T.gsm8k:997]": [
            2.2215388889106764,
            4.52630196128374
          ],
          "Intercept": [
            -2.406805696759962,
            13.49759931716926
          ],
          "log_trace_tokens": [
            -2.526369896639042,
            -0.06604706029846352
          ],
          "mean_nll_z": [
            -1.501266897369503,
            -0.49979097473909606
          ],
          "same_lineage[T.True]": [
            -0.9614500863526797,
            0.41768697035293345
          ]
        },
        "n": 960,
        "params": {
          "C(corrector_key)[T.qwen25_7b]": -0.8669280836209884,
          "C(corrector_key)[T.qwen3_4b]": -1.1061597784074932,
          "C(corrector_key)[T.qwen3_8b]": -1.0794661498262466,
          "C(generator_key)[T.qwen25_7b]": 0.4705552580164396,
          "C(generator_key)[T.qwen3_4b]": 1.3365942514645113,
          "C(generator_key)[T.qwen3_8b]": 1.6964967342708417,
          "C(problem_key)[T.gsm8k:1031]": 0.6654311183094528,
          "C(problem_key)[T.gsm8k:1046]": 3.322826363568069,
          "C(problem_key)[T.gsm8k:1068]": 3.370307222796805,
          "C(problem_key)[T.gsm8k:1070]": 1.886385009333626,
          "C(problem_key)[T.gsm8k:1075]": 4.236472821986708,
          "C(problem_key)[T.gsm8k:1088]": 3.9968390421271764,
          "C(problem_key)[T.gsm8k:1147]": 2.1853165717886327,
          "C(problem_key)[T.gsm8k:115]": -21.725733624025008,
          "C(problem_key)[T.gsm8k:1165]": 1.9694538559872823,
          "C(problem_key)[T.gsm8k:1166]": 0.41461547627618844,
          "C(problem_key)[T.gsm8k:1183]": 2.9652726725388914,
          "C(problem_key)[T.gsm8k:1188]": 3.075258864825323,
          "C(problem_key)[T.gsm8k:1190]": 0.9384849210409932,
          "C(problem_key)[T.gsm8k:1202]": 0.46761185027226393,
          "C(problem_key)[T.gsm8k:1249]": 1.8186218705916466,
          "C(problem_key)[T.gsm8k:1251]": 2.4855990653301627,
          "C(problem_key)[T.gsm8k:129]": 0.6501428227066233,
          "C(problem_key)[T.gsm8k:12]": 3.6303368498619486,
          "C(problem_key)[T.gsm8k:1309]": 25.925202954684753,
          "C(problem_key)[T.gsm8k:135]": 1.1396690006727708,
          "C(problem_key)[T.gsm8k:147]": 3.0107117035257844,
          "C(problem_key)[T.gsm8k:184]": -22.79938443685908,
          "C(problem_key)[T.gsm8k:210]": 3.765447299988717,
          "C(problem_key)[T.gsm8k:242]": 3.049976098804512,
          "C(problem_key)[T.gsm8k:266]": 0.17884447005362514,
          "C(problem_key)[T.gsm8k:297]": 2.986272592316775,
          "C(problem_key)[T.gsm8k:298]": 3.0733280468636885,
          "C(problem_key)[T.gsm8k:2]": -0.01418005048384674,
          "C(problem_key)[T.gsm8k:303]": 0.7704397223543017,
          "C(problem_key)[T.gsm8k:306]": 25.904059079366917,
          "C(problem_key)[T.gsm8k:380]": 2.259984662212907,
          "C(problem_key)[T.gsm8k:394]": 2.222858870282798,
          "C(problem_key)[T.gsm8k:409]": 3.3646771578880292,
          "C(problem_key)[T.gsm8k:423]": 5.235154689174237,
          "C(problem_key)[T.gsm8k:427]": 3.4659767716166487,
          "C(problem_key)[T.gsm8k:428]": 5.053686750013799,
          "C(problem_key)[T.gsm8k:439]": 1.5947012771390678,
          "C(problem_key)[T.gsm8k:493]": 2.009615816992634,
          "C(problem_key)[T.gsm8k:529]": 2.004461120735855,
          "C(problem_key)[T.gsm8k:570]": 2.211254557679747,
          "C(problem_key)[T.gsm8k:589]": 1.141770880996354,
          "C(problem_key)[T.gsm8k:58]": 2.0087939910324617,
          "C(problem_key)[T.gsm8k:590]": 4.3191791409584255,
          "C(problem_key)[T.gsm8k:598]": 1.7732504919639207,
          "C(problem_key)[T.gsm8k:649]": 4.598009994814012,
          "C(problem_key)[T.gsm8k:701]": 1.7176575015375493,
          "C(problem_key)[T.gsm8k:754]": 2.993887936712262,
          "C(problem_key)[T.gsm8k:780]": 3.494508004871668,
          "C(problem_key)[T.gsm8k:806]": 1.4753921254812665,
          "C(problem_key)[T.gsm8k:813]": 1.1108589869194994,
          "C(problem_key)[T.gsm8k:86]": 0.9491816345823242,
          "C(problem_key)[T.gsm8k:894]": 2.869014267612017,
          "C(problem_key)[T.gsm8k:901]": 2.6448842515729245,
          "C(problem_key)[T.gsm8k:926]": 3.174688248792718,
          "C(problem_key)[T.gsm8k:932]": 2.81189280289571,
          "C(problem_key)[T.gsm8k:952]": 2.5533190350800132,
          "C(problem_key)[T.gsm8k:962]": 4.837141661049928,
          "C(problem_key)[T.gsm8k:984]": 3.0362823073916836,
          "C(problem_key)[T.gsm8k:997]": 3.373920425097208,
          "Intercept": 5.545396810204649,
          "log_trace_tokens": -1.2962084784687526,
          "mean_nll_z": -1.0005289360542995,
          "same_lineage[T.True]": -0.2718815579998731
        },
        "se_cluster_problem": {
          "C(corrector_key)[T.qwen25_7b]": 0.25411329973904373,
          "C(corrector_key)[T.qwen3_4b]": 0.32219833560926203,
          "C(corrector_key)[T.qwen3_8b]": 0.2878703284316246,
          "C(generator_key)[T.qwen25_7b]": 0.32023330767377084,
          "C(generator_key)[T.qwen3_4b]": 0.36535982088813374,
          "C(generator_key)[T.qwen3_8b]": 0.4020297798875052,
          "C(problem_key)[T.gsm8k:1031]": 0.5278055338258795,
          "C(problem_key)[T.gsm8k:1046]": 0.3099154102536861,
          "C(problem_key)[T.gsm8k:1068]": 0.36629169915100995,
          "C(problem_key)[T.gsm8k:1070]": 0.3782764224461654,
          "C(problem_key)[T.gsm8k:1075]": 0.3768132775955143,
          "C(problem_key)[T.gsm8k:1088]": 0.28708492413512293,
          "C(problem_key)[T.gsm8k:1147]": 0.37373228575164036,
          "C(problem_key)[T.gsm8k:115]": 1.0537094945059464,
          "C(problem_key)[T.gsm8k:1165]": 0.3429443974889131,
          "C(problem_key)[T.gsm8k:1166]": 0.13437007422832617,
          "C(problem_key)[T.gsm8k:1183]": 0.3002397022117347,
          "C(problem_key)[T.gsm8k:1188]": 0.19300720461608403,
          "C(problem_key)[T.gsm8k:1190]": 0.2580219047153102,
          "C(problem_key)[T.gsm8k:1202]": 0.36253475993164325,
          "C(problem_key)[T.gsm8k:1249]": 0.38229204101107994,
          "C(problem_key)[T.gsm8k:1251]": 0.422531507429317,
          "C(problem_key)[T.gsm8k:129]": 0.28030383239278767,
          "C(problem_key)[T.gsm8k:12]": 0.27561179588467466,
          "C(problem_key)[T.gsm8k:1309]": 1.1587659687728273,
          "C(problem_key)[T.gsm8k:135]": 0.6547071079996204,
          "C(problem_key)[T.gsm8k:147]": 0.2385953280116918,
          "C(problem_key)[T.gsm8k:184]": 1.073454195515057,
          "C(problem_key)[T.gsm8k:210]": 0.16128281613919812,
          "C(problem_key)[T.gsm8k:242]": 0.26488252820753455,
          "C(problem_key)[T.gsm8k:266]": 0.3837335715444838,
          "C(problem_key)[T.gsm8k:297]": 0.5080621874790607,
          "C(problem_key)[T.gsm8k:298]": 0.5336029596374097,
          "C(problem_key)[T.gsm8k:2]": 0.19178673740064195,
          "C(problem_key)[T.gsm8k:303]": 0.3414892358413714,
          "C(problem_key)[T.gsm8k:306]": 1.179822686491716,
          "C(problem_key)[T.gsm8k:380]": 0.1748642160313218,
          "C(problem_key)[T.gsm8k:394]": 0.32368028885775646,
          "C(problem_key)[T.gsm8k:409]": 0.2832331375664586,
          "C(problem_key)[T.gsm8k:423]": 0.2578363764339321,
          "C(problem_key)[T.gsm8k:427]": 0.3157327002434831,
          "C(problem_key)[T.gsm8k:428]": 0.3241237620415631,
          "C(problem_key)[T.gsm8k:439]": 0.34458993147775896,
          "C(problem_key)[T.gsm8k:493]": 0.33023331210796,
          "C(problem_key)[T.gsm8k:529]": 0.464795553513564,
          "C(problem_key)[T.gsm8k:570]": 0.3234816350756196,
          "C(problem_key)[T.gsm8k:589]": 0.468093663649497,
          "C(problem_key)[T.gsm8k:58]": 0.41535033660132836,
          "C(problem_key)[T.gsm8k:590]": 0.5605178882549772,
          "C(problem_key)[T.gsm8k:598]": 0.5155523792476915,
          "C(problem_key)[T.gsm8k:649]": 0.7195736682389546,
          "C(problem_key)[T.gsm8k:701]": 0.5117304977102274,
          "C(problem_key)[T.gsm8k:754]": 0.12713001356395012,
          "C(problem_key)[T.gsm8k:780]": 0.1997293521910434,
          "C(problem_key)[T.gsm8k:806]": 0.3359030289632861,
          "C(problem_key)[T.gsm8k:813]": 0.4014039144168451,
          "C(problem_key)[T.gsm8k:86]": 0.3758635889789065,
          "C(problem_key)[T.gsm8k:894]": 0.19941731050212916,
          "C(problem_key)[T.gsm8k:901]": 0.33951041586340136,
          "C(problem_key)[T.gsm8k:926]": 0.17975539374723934,
          "C(problem_key)[T.gsm8k:932]": 0.5784936931667896,
          "C(problem_key)[T.gsm8k:952]": 0.4831526228583548,
          "C(problem_key)[T.gsm8k:962]": 0.7730039676770347,
          "C(problem_key)[T.gsm8k:984]": 0.28531871732530445,
          "C(problem_key)[T.gsm8k:997]": 0.5879497633604752,
          "Intercept": 4.057246177022761,
          "log_trace_tokens": 0.6276333766174944,
          "mean_nll_z": 0.2554785516914303,
          "same_lineage[T.True]": 0.35182067773102377
        }
      },
      "same_coefficient_attenuation_fraction": 1.2691740209511848,
      "same_vs_cross_likelihood": {
        "ci95": [
          -1.398280928914102,
          -1.2501965925807113
        ],
        "same_minus_cross_z_nll": -1.3231090546027664
      }
    }
  }
}
