C:\Users\lenovo\AppData\Local\Programs\Python\Python311\Lib\site-packages\statsmodels\base\model.py:607: ConvergenceWarning: Maximum Likelihood optimization failed to converge. Check mle_retvals
  warnings.warn("Maximum Likelihood optimization failed to "
C:\Users\lenovo\AppData\Local\Programs\Python\Python311\Lib\site-packages\statsmodels\discrete\discrete_model.py:2385: RuntimeWarning: overflow encountered in exp
  return 1/(1+np.exp(-X))
C:\Users\lenovo\AppData\Local\Programs\Python\Python311\Lib\site-packages\statsmodels\discrete\discrete_model.py:2443: RuntimeWarning: divide by zero encountered in log
  return np.sum(np.log(self.cdf(q * linpred)))
Traceback (most recent call last):
  File "D:\ICLR_2\idle_2_repo\analysis\native_likelihood_error_gain\analyze_likelihood_gain.py", line 167, in <module>
    main()
  File "D:\ICLR_2\idle_2_repo\analysis\native_likelihood_error_gain\analyze_likelihood_gain.py", line 131, in main
    full = logistic(sub, full_formula)
           ^^^^^^^^^^^^^^^^^^^^^^^^^^^
  File "D:\ICLR_2\idle_2_repo\analysis\native_likelihood_error_gain\analyze_likelihood_gain.py", line 24, in logistic
    robust = smf.logit(formula, data=df).fit(
             ^^^^^^^^^^^^^^^^^^^^^^^^^^^^^^^^
  File "C:\Users\lenovo\AppData\Local\Programs\Python\Python311\Lib\site-packages\statsmodels\discrete\discrete_model.py", line 2601, in fit
    bnryfit = super().fit(start_params=start_params,
              ^^^^^^^^^^^^^^^^^^^^^^^^^^^^^^^^^^^^^^
  File "C:\Users\lenovo\AppData\Local\Programs\Python\Python311\Lib\site-packages\statsmodels\discrete\discrete_model.py", line 243, in fit
    mlefit = super().fit(start_params=start_params,
             ^^^^^^^^^^^^^^^^^^^^^^^^^^^^^^^^^^^^^^
  File "C:\Users\lenovo\AppData\Local\Programs\Python\Python311\Lib\site-packages\statsmodels\base\model.py", line 582, in fit
    Hinv = np.linalg.inv(-retvals['Hessian']) / nobs
           ^^^^^^^^^^^^^^^^^^^^^^^^^^^^^^^^^^
  File "C:\Users\lenovo\AppData\Local\Programs\Python\Python311\Lib\site-packages\numpy\linalg\_linalg.py", line 647, in inv
    ainv = _umath_linalg.inv(a, signature=signature)
           ^^^^^^^^^^^^^^^^^^^^^^^^^^^^^^^^^^^^^^^^^
  File "C:\Users\lenovo\AppData\Local\Programs\Python\Python311\Lib\site-packages\numpy\linalg\_linalg.py", line 144, in _raise_linalgerror_singular
    raise LinAlgError("Singular matrix")
numpy.linalg.LinAlgError: Singular matrix
